// Jest Snapshot v1, https://goo.gl/fbAQLP

exports[`MoreLikeThis component should match snapshot 1`] = `
<div>
  MoreLikeThis
</div>
`;
