// Jest Snapshot v1, https://goo.gl/fbAQLP

exports[`Screenshots component should match snapshot 1`] = `
<div>
  <img
    alt="game screenshot"
    src="/assets/screenshots/12-0.png"
  />
</div>
`;
